src\aop\patterns\accessproxy\AbstractAccessProxyAspect.java
src\aop\patterns\accessproxy\AccessProxyAspect.java
src\aop\patterns\accessproxy\ProxyExample.java
src\aop\patterns\accessproxy\Stats.java
src\aop\patterns\chainOfResponsability\AbstractChainAspect.java
src\aop\patterns\chainOfResponsability\ChainExample.java
src\aop\patterns\chainOfResponsability\Stats.java
src\aop\patterns\chainOfResponsability\Step1ChainAspect.java
src\aop\patterns\chainOfResponsability\Step2ChainAspect.java
src\aop\patterns\command\AbstractCommandAspect.java
src\aop\patterns\command\Command.java
src\aop\patterns\command\CommandAspect.java
src\aop\patterns\command\CommandExample.java
src\aop\patterns\command\FileSaver.java
src\aop\patterns\command\Stats.java
src\aop\patterns\observer\AbstractObserverAspect.java
src\aop\patterns\observer\AmountObserver.java
src\aop\patterns\observer\AmountObserverAspect.java
src\aop\patterns\observer\ObserverExample.java
src\aop\patterns\observer\OrdersObserver.java
src\aop\patterns\observer\OrdersObserverAspect.java
src\aop\patterns\observer\Stats.java
src\aop\patterns\singleton\AbstractMultipleSingletonAspect.java
src\aop\patterns\singleton\AbstractSingletonAspect.java
src\aop\patterns\singleton\SingletonAspect.java
src\aop\patterns\singleton\SingletonExample.java
src\aop\patterns\singleton\Stats.java
src\aop\patterns\strategy\AbstractStrategyAspect.java
src\aop\patterns\strategy\DefaultSaver.java
src\aop\patterns\strategy\FileSaver.java
src\aop\patterns\strategy\Stats.java
src\aop\patterns\strategy\Strategy.java
src\aop\patterns\strategy\StrategyAspect.java
src\aop\patterns\strategy\StrategyExample.java
