C:\j2eePatterns\EJBComponents\src\aop\j2ee\business\aspect\CheckArgs.java
C:\j2eePatterns\EJBComponents\src\aop\j2ee\business\aspect\CheckBusinessConditions.java
C:\j2eePatterns\EJBComponents\src\aop\j2ee\business\aspect\Debug.java
C:\j2eePatterns\EJBComponents\src\aop\j2ee\business\aspect\EJBResolver.java
C:\j2eePatterns\EJBComponents\src\aop\j2ee\business\aspect\marker\EntityBeanProtocol.java
C:\j2eePatterns\EJBComponents\src\aop\j2ee\business\aspect\marker\SessionBeanProtocol.java
C:\j2eePatterns\EJBComponents\src\aop\j2ee\business\aspect\POJOEntity.java
C:\j2eePatterns\EJBComponents\src\aop\j2ee\business\aspect\POJOSession.java
C:\j2eePatterns\EJBComponents\src\aop\j2ee\business\aspect\ServerSideTO.java
C:\j2eePatterns\EJBComponents\src\aop\j2ee\business\aspect\sql\DBUtil.java
C:\j2eePatterns\EJBComponents\src\aop\j2ee\business\aspect\sql\SQLAccount.java
C:\j2eePatterns\EJBComponents\src\aop\j2ee\business\aspect\sql\SQLBank.java
C:\j2eePatterns\EJBComponents\src\aop\j2ee\business\aspect\sql\SQLCustomer.java
C:\j2eePatterns\EJBComponents\src\aop\j2ee\business\aspect\sql\SQLTx.java
C:\j2eePatterns\EJBComponents\src\aop\j2ee\business\aspect\Transaction.java
C:\j2eePatterns\EJBComponents\src\aop\j2ee\business\entity\account\Account.java
C:\j2eePatterns\EJBComponents\src\aop\j2ee\business\entity\account\AccountBean.java
C:\j2eePatterns\EJBComponents\src\aop\j2ee\business\entity\account\AccountHome.java
C:\j2eePatterns\EJBComponents\src\aop\j2ee\business\entity\account\AccountPOJO.java
C:\j2eePatterns\EJBComponents\src\aop\j2ee\business\entity\customer\Customer.java
C:\j2eePatterns\EJBComponents\src\aop\j2ee\business\entity\customer\CustomerBean.java
C:\j2eePatterns\EJBComponents\src\aop\j2ee\business\entity\customer\CustomerHome.java
C:\j2eePatterns\EJBComponents\src\aop\j2ee\business\entity\customer\CustomerPOJO.java
C:\j2eePatterns\EJBComponents\src\aop\j2ee\business\entity\tx\Tx.java
C:\j2eePatterns\EJBComponents\src\aop\j2ee\business\entity\tx\TxBean.java
C:\j2eePatterns\EJBComponents\src\aop\j2ee\business\entity\tx\TxHome.java
C:\j2eePatterns\EJBComponents\src\aop\j2ee\business\entity\tx\TxPOJO.java
C:\j2eePatterns\EJBComponents\src\aop\j2ee\business\session\bank\Bank.java
C:\j2eePatterns\EJBComponents\src\aop\j2ee\business\session\bank\BankBean.java
C:\j2eePatterns\EJBComponents\src\aop\j2ee\business\session\bank\BankHome.java
C:\j2eePatterns\EJBComponents\src\aop\j2ee\business\session\bank\BankPOJO.java
C:\j2eePatterns\EJBComponents\src\aop\j2ee\business\session\txcontroller\TxController.java
C:\j2eePatterns\EJBComponents\src\aop\j2ee\business\session\txcontroller\TxControllerBean.java
C:\j2eePatterns\EJBComponents\src\aop\j2ee\business\session\txcontroller\TxControllerHome.java
C:\j2eePatterns\EJBComponents\src\aop\j2ee\business\session\txcontroller\TxControllerPOJO.java
C:\j2eePatterns\EJBComponents\src\aop\j2ee\business\Test.java
C:\j2eePatterns\EJBComponents\src\aop\j2ee\business\util\EJBGetter.java
