C:\j2eePatterns\Commons\src\aop\j2ee\commons\aspect\AbstractLocator.java
C:\j2eePatterns\Commons\src\aop\j2ee\commons\aspect\to\CustomerAndAccountInfos.java
C:\j2eePatterns\Commons\src\aop\j2ee\commons\config\AppConfigProperties.java
C:\j2eePatterns\Commons\src\aop\j2ee\commons\config\AppInfo.java
C:\j2eePatterns\Commons\src\aop\j2ee\commons\exception\AccountNotFoundException.java
C:\j2eePatterns\Commons\src\aop\j2ee\commons\exception\CustomerInAccountException.java
C:\j2eePatterns\Commons\src\aop\j2ee\commons\exception\CustomerNotFoundException.java
C:\j2eePatterns\Commons\src\aop\j2ee\commons\exception\CustomerNotInAccountException.java
C:\j2eePatterns\Commons\src\aop\j2ee\commons\exception\CustomerRequiredException.java
C:\j2eePatterns\Commons\src\aop\j2ee\commons\exception\IllegalAccountTypeException.java
C:\j2eePatterns\Commons\src\aop\j2ee\commons\exception\InsufficientCreditException.java
C:\j2eePatterns\Commons\src\aop\j2ee\commons\exception\InsufficientFundsException.java
C:\j2eePatterns\Commons\src\aop\j2ee\commons\exception\InvalidParameterException.java
C:\j2eePatterns\Commons\src\aop\j2ee\commons\exception\MissingPrimaryKeyException.java
C:\j2eePatterns\Commons\src\aop\j2ee\commons\exception\SystemException.java
C:\j2eePatterns\Commons\src\aop\j2ee\commons\exception\TxNotFoundException.java
C:\j2eePatterns\Commons\src\aop\j2ee\commons\to\AccountDetails.java
C:\j2eePatterns\Commons\src\aop\j2ee\commons\to\CustomerDetails.java
C:\j2eePatterns\Commons\src\aop\j2ee\commons\to\TxDetails.java
C:\j2eePatterns\Commons\src\aop\j2ee\commons\util\CodedNames.java
C:\j2eePatterns\Commons\src\aop\j2ee\commons\util\DBHelper.java
C:\j2eePatterns\Commons\src\aop\j2ee\commons\util\Debug.java
C:\j2eePatterns\Commons\src\aop\j2ee\commons\util\DomainUtil.java
C:\j2eePatterns\Commons\src\aop\j2ee\commons\util\locator\EJBServiceLocator.java
C:\j2eePatterns\Commons\src\aop\j2ee\commons\util\locator\IServiceLocator.java
C:\j2eePatterns\Commons\src\aop\j2ee\commons\util\locator\JDBCServiceLocator.java
C:\j2eePatterns\Commons\src\aop\j2ee\commons\util\locator\JMSServiceLocator.java
C:\j2eePatterns\Commons\src\aop\j2ee\commons\util\locator\JNDIServiceLocator.java
C:\j2eePatterns\Commons\src\aop\j2ee\commons\util\locator\ServiceLocator.java
